load("@rules_proto//proto:defs.bzl", "proto_library")
load("@build_stack_rules_proto//rules:proto_compile.bzl", "proto_compile")

proto_library(
    name = "example_proto",
    srcs = ["example.proto"],
    strip_import_prefix = "/path/to",
    visibility = ["//visibility:public"],
)

proto_compile(
    name = "example_python_compile",
    output_mappings = ["example_pb2.py=/myproto/example_pb2.py"],
    outputs = ["example_pb2.py"],
    plugins = ["@build_stack_rules_proto//plugin/builtin:python"],
    proto = "example_proto",
)
